#! /usr/bin/vvp
:ivl_version "11.0 (stable)";
:ivl_delay_selection "TYPICAL";
:vpi_time_precision + 0;
:vpi_module "/usr/lib/x86_64-linux-gnu/ivl/system.vpi";
:vpi_module "/usr/lib/x86_64-linux-gnu/ivl/vhdl_sys.vpi";
:vpi_module "/usr/lib/x86_64-linux-gnu/ivl/vhdl_textio.vpi";
:vpi_module "/usr/lib/x86_64-linux-gnu/ivl/v2005_math.vpi";
:vpi_module "/usr/lib/x86_64-linux-gnu/ivl/va_math.vpi";
S_0x599f03d02190 .scope module, "alu_tb" "alu_tb" 2 1;
 .timescale 0 0;
v0x599f03d67480_0 .var "A0", 31 0;
v0x599f03d67540_0 .var "B0", 31 0;
v0x599f03d675e0_0 .net "C0", 31 0, v0x599f03d66f30_0;  1 drivers
v0x599f03d67680_0 .var/i "errors", 31 0;
v0x599f03d67720_0 .var "expected", 31 0;
v0x599f03d67850_0 .var/i "i", 31 0;
v0x599f03d67930_0 .var "opcode0", 3 0;
v0x599f03d679f0_0 .var/i "seed", 31 0;
v0x599f03d67ab0 .array "test_vectors", 10169 0, 99 0;
v0x599f03d67b70_0 .var/i "total", 31 0;
v0x599f03d67c50_0 .net "zero0", 0 0, v0x599f03d670d0_0;  1 drivers
S_0x599f03d02320 .scope module, "alu_instance" "alu" 2 16, 3 1 0, S_0x599f03d02190;
 .timescale 0 0;
    .port_info 0 /INPUT 32 "A";
    .port_info 1 /INPUT 32 "B";
    .port_info 2 /INPUT 4 "opcode";
    .port_info 3 /OUTPUT 32 "C";
    .port_info 4 /OUTPUT 1 "zero";
v0x599f03d48620_0 .net "A", 31 0, v0x599f03d67480_0;  1 drivers
v0x599f03d66e50_0 .net "B", 31 0, v0x599f03d67540_0;  1 drivers
v0x599f03d66f30_0 .var "C", 31 0;
v0x599f03d66ff0_0 .net "opcode", 3 0, v0x599f03d67930_0;  1 drivers
v0x599f03d670d0_0 .var "zero", 0 0;
E_0x599f03d49790 .event edge, v0x599f03d66ff0_0, v0x599f03d66e50_0, v0x599f03d48620_0;
S_0x599f03d67280 .scope task, "test_case" "test_case" 2 24, 2 24 0, S_0x599f03d02190;
 .timescale 0 0;
TD_alu_tb.test_case ;
    %delay 1, 0;
    %load/vec4 v0x599f03d67b70_0;
    %addi 1, 0, 32;
    %store/vec4 v0x599f03d67b70_0, 0, 32;
    %load/vec4 v0x599f03d675e0_0;
    %load/vec4 v0x599f03d67720_0;
    %cmp/ne;
    %jmp/0xz  T_0.0, 6;
    %load/vec4 v0x599f03d67680_0;
    %addi 1, 0, 32;
    %store/vec4 v0x599f03d67680_0, 0, 32;
    %vpi_call 2 30 "$display", "FAIL: A=%h B=%h op=%b got=%h expected=%h", v0x599f03d67480_0, v0x599f03d67540_0, v0x599f03d67930_0, v0x599f03d675e0_0, v0x599f03d67720_0 {0 0 0};
T_0.0 ;
    %end;
    .scope S_0x599f03d02320;
T_1 ;
    %wait E_0x599f03d49790;
    %load/vec4 v0x599f03d66ff0_0;
    %dup/vec4;
    %pushi/vec4 0, 0, 4;
    %cmp/u;
    %jmp/1 T_1.0, 6;
    %dup/vec4;
    %pushi/vec4 1, 0, 4;
    %cmp/u;
    %jmp/1 T_1.1, 6;
    %dup/vec4;
    %pushi/vec4 2, 0, 4;
    %cmp/u;
    %jmp/1 T_1.2, 6;
    %dup/vec4;
    %pushi/vec4 3, 0, 4;
    %cmp/u;
    %jmp/1 T_1.3, 6;
    %dup/vec4;
    %pushi/vec4 4, 0, 4;
    %cmp/u;
    %jmp/1 T_1.4, 6;
    %dup/vec4;
    %pushi/vec4 5, 0, 4;
    %cmp/u;
    %jmp/1 T_1.5, 6;
    %dup/vec4;
    %pushi/vec4 6, 0, 4;
    %cmp/u;
    %jmp/1 T_1.6, 6;
    %dup/vec4;
    %pushi/vec4 7, 0, 4;
    %cmp/u;
    %jmp/1 T_1.7, 6;
    %dup/vec4;
    %pushi/vec4 8, 0, 4;
    %cmp/u;
    %jmp/1 T_1.8, 6;
    %dup/vec4;
    %pushi/vec4 9, 0, 4;
    %cmp/u;
    %jmp/1 T_1.9, 6;
    %pushi/vec4 0, 0, 32;
    %store/vec4 v0x599f03d66f30_0, 0, 32;
    %jmp T_1.11;
T_1.0 ;
    %load/vec4 v0x599f03d48620_0;
    %load/vec4 v0x599f03d66e50_0;
    %add;
    %store/vec4 v0x599f03d66f30_0, 0, 32;
    %jmp T_1.11;
T_1.1 ;
    %load/vec4 v0x599f03d48620_0;
    %load/vec4 v0x599f03d66e50_0;
    %sub;
    %store/vec4 v0x599f03d66f30_0, 0, 32;
    %jmp T_1.11;
T_1.2 ;
    %load/vec4 v0x599f03d48620_0;
    %load/vec4 v0x599f03d66e50_0;
    %and;
    %store/vec4 v0x599f03d66f30_0, 0, 32;
    %jmp T_1.11;
T_1.3 ;
    %load/vec4 v0x599f03d48620_0;
    %load/vec4 v0x599f03d66e50_0;
    %or;
    %store/vec4 v0x599f03d66f30_0, 0, 32;
    %jmp T_1.11;
T_1.4 ;
    %load/vec4 v0x599f03d48620_0;
    %load/vec4 v0x599f03d66e50_0;
    %xor;
    %store/vec4 v0x599f03d66f30_0, 0, 32;
    %jmp T_1.11;
T_1.5 ;
    %load/vec4 v0x599f03d48620_0;
    %load/vec4 v0x599f03d66e50_0;
    %cmp/s;
    %flag_mov 8, 5;
    %jmp/0 T_1.12, 8;
    %pushi/vec4 1, 0, 32;
    %jmp/1 T_1.13, 8;
T_1.12 ; End of true expr.
    %pushi/vec4 0, 0, 32;
    %jmp/0 T_1.13, 8;
 ; End of false expr.
    %blend;
T_1.13;
    %store/vec4 v0x599f03d66f30_0, 0, 32;
    %jmp T_1.11;
T_1.6 ;
    %load/vec4 v0x599f03d48620_0;
    %load/vec4 v0x599f03d66e50_0;
    %cmp/u;
    %flag_mov 8, 5;
    %jmp/0 T_1.14, 8;
    %pushi/vec4 1, 0, 32;
    %jmp/1 T_1.15, 8;
T_1.14 ; End of true expr.
    %pushi/vec4 0, 0, 32;
    %jmp/0 T_1.15, 8;
 ; End of false expr.
    %blend;
T_1.15;
    %store/vec4 v0x599f03d66f30_0, 0, 32;
    %jmp T_1.11;
T_1.7 ;
    %load/vec4 v0x599f03d48620_0;
    %load/vec4 v0x599f03d66e50_0;
    %parti/s 5, 0, 2;
    %ix/vec4 4;
    %shiftr 4;
    %store/vec4 v0x599f03d66f30_0, 0, 32;
    %jmp T_1.11;
T_1.8 ;
    %load/vec4 v0x599f03d48620_0;
    %load/vec4 v0x599f03d66e50_0;
    %parti/s 5, 0, 2;
    %ix/vec4 4;
    %shiftr/s 4;
    %store/vec4 v0x599f03d66f30_0, 0, 32;
    %jmp T_1.11;
T_1.9 ;
    %load/vec4 v0x599f03d48620_0;
    %load/vec4 v0x599f03d66e50_0;
    %parti/s 5, 0, 2;
    %ix/vec4 4;
    %shiftl 4;
    %store/vec4 v0x599f03d66f30_0, 0, 32;
    %jmp T_1.11;
T_1.11 ;
    %pop/vec4 1;
    %load/vec4 v0x599f03d66f30_0;
    %cmpi/e 0, 0, 32;
    %jmp/0xz  T_1.16, 4;
    %pushi/vec4 1, 0, 1;
    %store/vec4 v0x599f03d670d0_0, 0, 1;
    %jmp T_1.17;
T_1.16 ;
    %pushi/vec4 0, 0, 1;
    %store/vec4 v0x599f03d670d0_0, 0, 1;
T_1.17 ;
    %jmp T_1;
    .thread T_1, $push;
    .scope S_0x599f03d02190;
T_2 ;
    %pushi/vec4 0, 0, 32;
    %store/vec4 v0x599f03d67680_0, 0, 32;
    %pushi/vec4 0, 0, 32;
    %store/vec4 v0x599f03d67b70_0, 0, 32;
    %pushi/vec4 12345, 0, 32;
    %store/vec4 v0x599f03d679f0_0, 0, 32;
    %pushi/vec4 0, 0, 4;
    %store/vec4 v0x599f03d67930_0, 0, 4;
    %pushi/vec4 0, 0, 32;
    %store/vec4 v0x599f03d67850_0, 0, 32;
T_2.0 ;
    %load/vec4 v0x599f03d67850_0;
    %cmpi/s 10000, 0, 32;
    %jmp/0xz T_2.1, 5;
    %vpi_func 2 49 "$random" 32, v0x599f03d679f0_0 {0 0 0};
    %store/vec4 v0x599f03d67480_0, 0, 32;
    %vpi_func 2 50 "$random" 32, v0x599f03d679f0_0 {0 0 0};
    %store/vec4 v0x599f03d67540_0, 0, 32;
    %load/vec4 v0x599f03d67480_0;
    %load/vec4 v0x599f03d67540_0;
    %add;
    %store/vec4 v0x599f03d67720_0, 0, 32;
    %fork TD_alu_tb.test_case, S_0x599f03d67280;
    %join;
    %load/vec4 v0x599f03d67850_0;
    %addi 1, 0, 32;
    %store/vec4 v0x599f03d67850_0, 0, 32;
    %jmp T_2.0;
T_2.1 ;
    %pushi/vec4 4294967295, 0, 32;
    %store/vec4 v0x599f03d67480_0, 0, 32;
    %pushi/vec4 1, 0, 32;
    %store/vec4 v0x599f03d67540_0, 0, 32;
    %pushi/vec4 0, 0, 32;
    %store/vec4 v0x599f03d67720_0, 0, 32;
    %fork TD_alu_tb.test_case, S_0x599f03d67280;
    %join;
    %pushi/vec4 1, 0, 4;
    %store/vec4 v0x599f03d67930_0, 0, 4;
    %pushi/vec4 0, 0, 32;
    %store/vec4 v0x599f03d67850_0, 0, 32;
T_2.2 ;
    %load/vec4 v0x599f03d67850_0;
    %cmpi/s 10000, 0, 32;
    %jmp/0xz T_2.3, 5;
    %vpi_func 2 65 "$random" 32, v0x599f03d679f0_0 {0 0 0};
    %store/vec4 v0x599f03d67480_0, 0, 32;
    %vpi_func 2 66 "$random" 32, v0x599f03d679f0_0 {0 0 0};
    %store/vec4 v0x599f03d67540_0, 0, 32;
    %load/vec4 v0x599f03d67480_0;
    %load/vec4 v0x599f03d67540_0;
    %sub;
    %store/vec4 v0x599f03d67720_0, 0, 32;
    %fork TD_alu_tb.test_case, S_0x599f03d67280;
    %join;
    %load/vec4 v0x599f03d67850_0;
    %addi 1, 0, 32;
    %store/vec4 v0x599f03d67850_0, 0, 32;
    %jmp T_2.2;
T_2.3 ;
    %pushi/vec4 0, 0, 32;
    %store/vec4 v0x599f03d67480_0, 0, 32;
    %pushi/vec4 1, 0, 32;
    %store/vec4 v0x599f03d67540_0, 0, 32;
    %pushi/vec4 4294967295, 0, 32;
    %store/vec4 v0x599f03d67720_0, 0, 32;
    %fork TD_alu_tb.test_case, S_0x599f03d67280;
    %join;
    %pushi/vec4 2, 0, 4;
    %store/vec4 v0x599f03d67930_0, 0, 4;
    %pushi/vec4 0, 0, 32;
    %store/vec4 v0x599f03d67850_0, 0, 32;
T_2.4 ;
    %load/vec4 v0x599f03d67850_0;
    %cmpi/s 10000, 0, 32;
    %jmp/0xz T_2.5, 5;
    %vpi_func 2 80 "$random" 32, v0x599f03d679f0_0 {0 0 0};
    %store/vec4 v0x599f03d67480_0, 0, 32;
    %vpi_func 2 81 "$random" 32, v0x599f03d679f0_0 {0 0 0};
    %store/vec4 v0x599f03d67540_0, 0, 32;
    %load/vec4 v0x599f03d67480_0;
    %load/vec4 v0x599f03d67540_0;
    %and;
    %store/vec4 v0x599f03d67720_0, 0, 32;
    %fork TD_alu_tb.test_case, S_0x599f03d67280;
    %join;
    %load/vec4 v0x599f03d67850_0;
    %addi 1, 0, 32;
    %store/vec4 v0x599f03d67850_0, 0, 32;
    %jmp T_2.4;
T_2.5 ;
    %pushi/vec4 3, 0, 4;
    %store/vec4 v0x599f03d67930_0, 0, 4;
    %pushi/vec4 0, 0, 32;
    %store/vec4 v0x599f03d67850_0, 0, 32;
T_2.6 ;
    %load/vec4 v0x599f03d67850_0;
    %cmpi/s 10000, 0, 32;
    %jmp/0xz T_2.7, 5;
    %vpi_func 2 89 "$random" 32, v0x599f03d679f0_0 {0 0 0};
    %store/vec4 v0x599f03d67480_0, 0, 32;
    %vpi_func 2 90 "$random" 32, v0x599f03d679f0_0 {0 0 0};
    %store/vec4 v0x599f03d67540_0, 0, 32;
    %load/vec4 v0x599f03d67480_0;
    %load/vec4 v0x599f03d67540_0;
    %or;
    %store/vec4 v0x599f03d67720_0, 0, 32;
    %fork TD_alu_tb.test_case, S_0x599f03d67280;
    %join;
    %load/vec4 v0x599f03d67850_0;
    %addi 1, 0, 32;
    %store/vec4 v0x599f03d67850_0, 0, 32;
    %jmp T_2.6;
T_2.7 ;
    %pushi/vec4 4, 0, 4;
    %store/vec4 v0x599f03d67930_0, 0, 4;
    %pushi/vec4 0, 0, 32;
    %store/vec4 v0x599f03d67850_0, 0, 32;
T_2.8 ;
    %load/vec4 v0x599f03d67850_0;
    %cmpi/s 10000, 0, 32;
    %jmp/0xz T_2.9, 5;
    %vpi_func 2 98 "$random" 32, v0x599f03d679f0_0 {0 0 0};
    %store/vec4 v0x599f03d67480_0, 0, 32;
    %vpi_func 2 99 "$random" 32, v0x599f03d679f0_0 {0 0 0};
    %store/vec4 v0x599f03d67540_0, 0, 32;
    %load/vec4 v0x599f03d67480_0;
    %load/vec4 v0x599f03d67540_0;
    %xor;
    %store/vec4 v0x599f03d67720_0, 0, 32;
    %fork TD_alu_tb.test_case, S_0x599f03d67280;
    %join;
    %load/vec4 v0x599f03d67850_0;
    %addi 1, 0, 32;
    %store/vec4 v0x599f03d67850_0, 0, 32;
    %jmp T_2.8;
T_2.9 ;
    %vpi_call 2 106 "$readmemh", "/home/snuc/Desktop/sisyphus-1/sisyphus1/tb/utils/alu_vectors.hex", v0x599f03d67ab0 {0 0 0};
    %pushi/vec4 0, 0, 32;
    %store/vec4 v0x599f03d67850_0, 0, 32;
T_2.10 ;
    %load/vec4 v0x599f03d67850_0;
    %cmpi/s 10170, 0, 32;
    %jmp/0xz T_2.11, 5;
    %ix/getv/s 4, v0x599f03d67850_0;
    %load/vec4a v0x599f03d67ab0, 4;
    %parti/s 32, 68, 8;
    %store/vec4 v0x599f03d67480_0, 0, 32;
    %ix/getv/s 4, v0x599f03d67850_0;
    %load/vec4a v0x599f03d67ab0, 4;
    %parti/s 32, 36, 7;
    %store/vec4 v0x599f03d67540_0, 0, 32;
    %ix/getv/s 4, v0x599f03d67850_0;
    %load/vec4a v0x599f03d67ab0, 4;
    %parti/s 4, 32, 7;
    %store/vec4 v0x599f03d67930_0, 0, 4;
    %ix/getv/s 4, v0x599f03d67850_0;
    %load/vec4a v0x599f03d67ab0, 4;
    %parti/s 32, 0, 2;
    %store/vec4 v0x599f03d67720_0, 0, 32;
    %fork TD_alu_tb.test_case, S_0x599f03d67280;
    %join;
    %load/vec4 v0x599f03d67850_0;
    %addi 1, 0, 32;
    %store/vec4 v0x599f03d67850_0, 0, 32;
    %jmp T_2.10;
T_2.11 ;
    %load/vec4 v0x599f03d67b70_0;
    %load/vec4 v0x599f03d67680_0;
    %sub;
    %vpi_call 2 115 "$display", "%0d / %0d passed", S<0,vec4,s32>, v0x599f03d67b70_0 {1 0 0};
    %vpi_call 2 116 "$finish" {0 0 0};
    %end;
    .thread T_2;
# The file index is used to find the file name in the following table.
:file_names 4;
    "N/A";
    "<interactive>";
    "tb/alu_tb.v";
    "rtl/alu.v";
